
optiboot_atmega1284p.elf:     file format elf32-avr

Sections:
Idx Name          Size      VMA       LMA       File off  Algn
  0 .data         00000000  00800100  0001fe74  00000308  2**0
                  CONTENTS, ALLOC, LOAD, DATA
  1 .text         00000274  0001fc00  0001fc00  00000094  2**1
                  CONTENTS, ALLOC, LOAD, READONLY, CODE
  2 .version      00000002  0001fffe  0001fffe  00000308  2**0
                  CONTENTS, ALLOC, LOAD, READONLY, DATA
  3 .comment      00000011  00000000  00000000  0000030a  2**0
                  CONTENTS, READONLY
  4 .debug_aranges 00000028  00000000  00000000  0000031b  2**0
                  CONTENTS, READONLY, DEBUGGING
  5 .debug_info   0000069c  00000000  00000000  00000343  2**0
                  CONTENTS, READONLY, DEBUGGING
  6 .debug_abbrev 000002af  00000000  00000000  000009df  2**0
                  CONTENTS, READONLY, DEBUGGING
  7 .debug_line   0000090e  00000000  00000000  00000c8e  2**0
                  CONTENTS, READONLY, DEBUGGING
  8 .debug_frame  0000008c  00000000  00000000  0000159c  2**2
                  CONTENTS, READONLY, DEBUGGING
  9 .debug_str    00000200  00000000  00000000  00001628  2**0
                  CONTENTS, READONLY, DEBUGGING
 10 .debug_loc    000005c2  00000000  00000000  00001828  2**0
                  CONTENTS, READONLY, DEBUGGING
 11 .debug_ranges 00000090  00000000  00000000  00001dea  2**0
                  CONTENTS, READONLY, DEBUGGING

Disassembly of section .text:

0001fc00 <main>:
  //  SP points to RAMEND
  //  r1 contains zero
  //
  // If not, uncomment the following instructions:
  // cli();
  asm volatile ("clr __zero_reg__");
   1fc00:	11 24       	eor	r1, r1
   * 
   * Code by MarkG55
   * see discusion in https://github.com/Optiboot/optiboot/issues/97
   */
#if !defined(__AVR_ATmega16__)
  ch = MCUSR;
   1fc02:	84 b7       	in	r24, 0x34	; 52
#else
  ch = MCUCSR;
#endif
  // Skip all logic and run bootloader if MCUSR is cleared (application request)
  if (ch != 0) {
   1fc04:	88 23       	and	r24, r24
   1fc06:	49 f0       	breq	.+18     	; 0x1fc1a <main+0x1a>
       *  2. we clear WDRF if it's set with EXTRF to avoid loops
       * One problematic scenario: broken application code sets watchdog timer 
       * without clearing MCUSR before and triggers it quickly. But it's
       * recoverable by power-on with pushed reset button.
       */
      if ((ch & (_BV(WDRF) | _BV(EXTRF))) != _BV(EXTRF)) { 
   1fc08:	98 2f       	mov	r25, r24
   1fc0a:	9a 70       	andi	r25, 0x0A	; 10
   1fc0c:	92 30       	cpi	r25, 0x02	; 2
   1fc0e:	29 f0       	breq	.+10     	; 0x1fc1a <main+0x1a>
	  if (ch & _BV(EXTRF)) {
   1fc10:	81 ff       	sbrs	r24, 1
   1fc12:	02 c0       	rjmp	.+4      	; 0x1fc18 <main+0x18>
	       * prevent entering bootloader.
	       * '&' operation is skipped to spare few bytes as bits in MCUSR
	       * can only be cleared.
	       */
#if !defined(__AVR_ATmega16__)
	      MCUSR = ~(_BV(WDRF));  
   1fc14:	97 ef       	ldi	r25, 0xF7	; 247
   1fc16:	94 bf       	out	0x34, r25	; 52
#else
	      MCUCSR = ~(_BV(WDRF));  
#endif
	  }
	  appStart(ch);
   1fc18:	11 d1       	rcall	.+546    	; 0x1fe3c <appStart>
      }
  }

#if LED_START_FLASHES > 0
  // Set up Timer 1 for timeout counter
  TCCR1B = _BV(CS12) | _BV(CS10); // div 1024
   1fc1a:	85 e0       	ldi	r24, 0x05	; 5
   1fc1c:	80 93 81 00 	sts	0x0081, r24	; 0x800081 <__TEXT_REGION_LENGTH__+0x7e0081>
  UCSRA = _BV(U2X); //Double speed mode USART
  UCSRB = _BV(RXEN) | _BV(TXEN);  // enable Rx & Tx
  UCSRC = _BV(URSEL) | _BV(UCSZ1) | _BV(UCSZ0);  // config USART; 8N1
  UBRRL = (uint8_t)( (F_CPU + BAUD_RATE * 4L) / (BAUD_RATE * 8L) - 1 );
#else
  UART_SRA = _BV(U2X0); //Double speed mode USART0
   1fc20:	82 e0       	ldi	r24, 0x02	; 2
   1fc22:	80 93 c0 00 	sts	0x00C0, r24	; 0x8000c0 <__TEXT_REGION_LENGTH__+0x7e00c0>
  UART_SRB = _BV(RXEN0) | _BV(TXEN0);
   1fc26:	88 e1       	ldi	r24, 0x18	; 24
   1fc28:	80 93 c1 00 	sts	0x00C1, r24	; 0x8000c1 <__TEXT_REGION_LENGTH__+0x7e00c1>
  UART_SRC = _BV(UCSZ00) | _BV(UCSZ01);
   1fc2c:	86 e0       	ldi	r24, 0x06	; 6
   1fc2e:	80 93 c2 00 	sts	0x00C2, r24	; 0x8000c2 <__TEXT_REGION_LENGTH__+0x7e00c2>
  UART_SRL = (uint8_t)( (F_CPU + BAUD_RATE * 4L) / (BAUD_RATE * 8L) - 1 );
   1fc32:	80 e1       	ldi	r24, 0x10	; 16
   1fc34:	80 93 c4 00 	sts	0x00C4, r24	; 0x8000c4 <__TEXT_REGION_LENGTH__+0x7e00c4>
#endif
#endif

  // Set up watchdog to trigger after 1s
  watchdogConfig(WATCHDOG_1S);
   1fc38:	8e e0       	ldi	r24, 0x0E	; 14
   1fc3a:	eb d0       	rcall	.+470    	; 0x1fe12 <watchdogConfig>

#if (LED_START_FLASHES > 0) || defined(LED_DATA_FLASH) || defined(LED_START_ON)
  /* Set LED pin as output */
  LED_DDR |= _BV(LED);
   1fc3c:	20 9a       	sbi	0x04, 0	; 4
   1fc3e:	86 e0       	ldi	r24, 0x06	; 6
}

#if LED_START_FLASHES > 0
void flash_led(uint8_t count) {
  do {
    TCNT1 = -(F_CPU/(1024*16));
   1fc40:	20 e3       	ldi	r18, 0x30	; 48
   1fc42:	3c ef       	ldi	r19, 0xFC	; 252
    TIFR1 = _BV(TOV1);
   1fc44:	91 e0       	ldi	r25, 0x01	; 1
    TCNT1 = -(F_CPU/(1024*16));
   1fc46:	30 93 85 00 	sts	0x0085, r19	; 0x800085 <__TEXT_REGION_LENGTH__+0x7e0085>
   1fc4a:	20 93 84 00 	sts	0x0084, r18	; 0x800084 <__TEXT_REGION_LENGTH__+0x7e0084>
    TIFR1 = _BV(TOV1);
   1fc4e:	96 bb       	out	0x16, r25	; 22
    while(!(TIFR1 & _BV(TOV1)));
   1fc50:	b0 9b       	sbis	0x16, 0	; 22
   1fc52:	fe cf       	rjmp	.-4      	; 0x1fc50 <main+0x50>
#if defined(__AVR_ATmega8__) || defined (__AVR_ATmega32__) || defined (__AVR_ATmega16__)
    LED_PORT ^= _BV(LED);
#else
    LED_PIN |= _BV(LED);
   1fc54:	18 9a       	sbi	0x03, 0	; 3
}
#endif

// Watchdog functions. These are only safe with interrupts turned off.
void watchdogReset() {
  __asm__ __volatile__ (
   1fc56:	a8 95       	wdr
    if (UART_SRA & _BV(RXC0))
   1fc58:	40 91 c0 00 	lds	r20, 0x00C0	; 0x8000c0 <__TEXT_REGION_LENGTH__+0x7e00c0>
   1fc5c:	47 fd       	sbrc	r20, 7
   1fc5e:	02 c0       	rjmp	.+4      	; 0x1fc64 <main+0x64>
   1fc60:	81 50       	subi	r24, 0x01	; 1
  } while (--count);
   1fc62:	89 f7       	brne	.-30     	; 0x1fc46 <main+0x46>
	     * Start the page erase and wait for it to finish.  There
	     * used to be code to do this while receiving the data over
	     * the serial link, but the performance improvement was slight,
	     * and we needed the space back.
	     */
	    __boot_page_erase_short(address.word);
   1fc64:	43 e0       	ldi	r20, 0x03	; 3
   1fc66:	d4 2e       	mov	r13, r20

	    /*
	     * Copy data from the buffer into the flash write buffer.
	     */
	    do {
		__boot_page_fill_short((uint16_t)(void*)addrPtr, *(mybuff.wptr++));
   1fc68:	cc 24       	eor	r12, r12
   1fc6a:	c3 94       	inc	r12
	     */
	    __boot_page_write_short(address.word);
	    boot_spm_busy_wait();
#if defined(RWWSRE)
	    // Reenable read access to flash
	    __boot_rww_enable_short();
   1fc6c:	51 e1       	ldi	r21, 0x11	; 17
    ch = getch();
   1fc6e:	95 2e       	mov	r9, r21
    if(ch == STK_GET_PARAMETER) {
   1fc70:	c4 d0       	rcall	.+392    	; 0x1fdfa <getch>
      unsigned char which = getch();
   1fc72:	81 34       	cpi	r24, 0x41	; 65
   1fc74:	79 f4       	brne	.+30     	; 0x1fc94 <main+0x94>
   1fc76:	c1 d0       	rcall	.+386    	; 0x1fdfa <getch>
      verifySpace();
   1fc78:	c8 2f       	mov	r28, r24
   1fc7a:	d1 d0       	rcall	.+418    	; 0x1fe1e <verifySpace>
      if (which == STK_SW_MINOR) {
   1fc7c:	c2 38       	cpi	r28, 0x82	; 130
   1fc7e:	11 f4       	brne	.+4      	; 0x1fc84 <main+0x84>
        putch(0x00);
   1fc80:	80 e0       	ldi	r24, 0x00	; 0
	  putch(optiboot_version >> 8);
   1fc82:	04 c0       	rjmp	.+8      	; 0x1fc8c <main+0x8c>
      } else if (which == STK_SW_MAJOR) {
   1fc84:	87 e0       	ldi	r24, 0x07	; 7
	putch(0x03);
   1fc86:	c1 38       	cpi	r28, 0x81	; 129
   1fc88:	09 f0       	breq	.+2      	; 0x1fc8c <main+0x8c>
   1fc8a:	83 e0       	ldi	r24, 0x03	; 3
    putch(STK_OK);
   1fc8c:	af d0       	rcall	.+350    	; 0x1fdec <putch>
   1fc8e:	80 e1       	ldi	r24, 0x10	; 16
    ch = getch();
   1fc90:	ad d0       	rcall	.+346    	; 0x1fdec <putch>
    else if(ch == STK_SET_DEVICE) {
   1fc92:	ee cf       	rjmp	.-36     	; 0x1fc70 <main+0x70>
   1fc94:	82 34       	cpi	r24, 0x42	; 66
      getNch(20);
   1fc96:	19 f4       	brne	.+6      	; 0x1fc9e <main+0x9e>
      getNch(5);
   1fc98:	84 e1       	ldi	r24, 0x14	; 20
   1fc9a:	c9 d0       	rcall	.+402    	; 0x1fe2e <getNch>
    else if(ch == STK_SET_DEVICE_EXT) {
   1fc9c:	f8 cf       	rjmp	.-16     	; 0x1fc8e <main+0x8e>
      getNch(5);
   1fc9e:	85 34       	cpi	r24, 0x45	; 69
   1fca0:	11 f4       	brne	.+4      	; 0x1fca6 <main+0xa6>
    else if(ch == STK_LOAD_ADDRESS) {
   1fca2:	85 e0       	ldi	r24, 0x05	; 5
   1fca4:	fa cf       	rjmp	.-12     	; 0x1fc9a <main+0x9a>
      address.bytes[0] = getch();
   1fca6:	85 35       	cpi	r24, 0x55	; 85
   1fca8:	81 f4       	brne	.+32     	; 0x1fcca <main+0xca>
   1fcaa:	a7 d0       	rcall	.+334    	; 0x1fdfa <getch>
      address.bytes[1] = getch();
   1fcac:	08 2f       	mov	r16, r24
   1fcae:	a5 d0       	rcall	.+330    	; 0x1fdfa <getch>
      if (address.bytes[1] & 0x80) {
   1fcb0:	18 2f       	mov	r17, r24
   1fcb2:	87 ff       	sbrs	r24, 7
        RAMPZ |= 0x01;
   1fcb4:	07 c0       	rjmp	.+14     	; 0x1fcc4 <main+0xc4>
   1fcb6:	8b b7       	in	r24, 0x3b	; 59
      address.word *= 2; // Convert from word address to byte address
   1fcb8:	81 60       	ori	r24, 0x01	; 1
   1fcba:	8b bf       	out	0x3b, r24	; 59
      verifySpace();
   1fcbc:	00 0f       	add	r16, r16
   1fcbe:	11 1f       	adc	r17, r17
        RAMPZ &= 0xFE;
   1fcc0:	ae d0       	rcall	.+348    	; 0x1fe1e <verifySpace>
   1fcc2:	e5 cf       	rjmp	.-54     	; 0x1fc8e <main+0x8e>
   1fcc4:	8b b7       	in	r24, 0x3b	; 59
    else if(ch == STK_UNIVERSAL) {
   1fcc6:	8e 7f       	andi	r24, 0xFE	; 254
   1fcc8:	f8 cf       	rjmp	.-16     	; 0x1fcba <main+0xba>
      if ( AVR_OP_LOAD_EXT_ADDR == getch() ) {
   1fcca:	86 35       	cpi	r24, 0x56	; 86
   1fccc:	79 f4       	brne	.+30     	; 0x1fcec <main+0xec>
   1fcce:	95 d0       	rcall	.+298    	; 0x1fdfa <getch>
        getch();  // get '0'
   1fcd0:	8d 34       	cpi	r24, 0x4D	; 77
   1fcd2:	51 f4       	brne	.+20     	; 0x1fce8 <main+0xe8>
        RAMPZ = (RAMPZ & 0x01) | ((getch() << 1) & 0xff);  // get address and put it in RAMPZ
   1fcd4:	92 d0       	rcall	.+292    	; 0x1fdfa <getch>
   1fcd6:	cb b7       	in	r28, 0x3b	; 59
   1fcd8:	90 d0       	rcall	.+288    	; 0x1fdfa <getch>
   1fcda:	c1 70       	andi	r28, 0x01	; 1
   1fcdc:	88 0f       	add	r24, r24
        getNch(1); // get last '0'
   1fcde:	8c 2b       	or	r24, r28
        getNch(3);
   1fce0:	8b bf       	out	0x3b, r24	; 59
   1fce2:	81 e0       	ldi	r24, 0x01	; 1
   1fce4:	a4 d0       	rcall	.+328    	; 0x1fe2e <getNch>
   1fce6:	cc cf       	rjmp	.-104    	; 0x1fc80 <main+0x80>
    else if(ch == STK_PROG_PAGE) {
   1fce8:	83 e0       	ldi	r24, 0x03	; 3
   1fcea:	fc cf       	rjmp	.-8      	; 0x1fce4 <main+0xe4>
      GETLENGTH(length);
   1fcec:	84 36       	cpi	r24, 0x64	; 100
   1fcee:	09 f0       	breq	.+2      	; 0x1fcf2 <main+0xf2>
   1fcf0:	4b c0       	rjmp	.+150    	; 0x1fd88 <main+0x188>
   1fcf2:	83 d0       	rcall	.+262    	; 0x1fdfa <getch>
   1fcf4:	c8 2f       	mov	r28, r24
   1fcf6:	d0 e0       	ldi	r29, 0x00	; 0
   1fcf8:	dc 2f       	mov	r29, r28
   1fcfa:	cc 27       	eor	r28, r28
      desttype = getch();
   1fcfc:	7e d0       	rcall	.+252    	; 0x1fdfa <getch>
   1fcfe:	c8 2b       	or	r28, r24
   1fd00:	7c d0       	rcall	.+248    	; 0x1fdfa <getch>
      bufPtr = buff.bptr;
   1fd02:	88 2e       	mov	r8, r24
   1fd04:	5e 01       	movw	r10, r28
   1fd06:	b3 94       	inc	r11
   1fd08:	e1 2c       	mov	r14, r1
   1fd0a:	ff 24       	eor	r15, r15
      do *bufPtr++ = getch();
   1fd0c:	f3 94       	inc	r15
   1fd0e:	75 d0       	rcall	.+234    	; 0x1fdfa <getch>
   1fd10:	f7 01       	movw	r30, r14
   1fd12:	81 93       	st	Z+, r24
      while (--length);
   1fd14:	7f 01       	movw	r14, r30
   1fd16:	ea 15       	cp	r30, r10
   1fd18:	fb 05       	cpc	r31, r11
      verifySpace();
   1fd1a:	c9 f7       	brne	.-14     	; 0x1fd0e <main+0x10e>
   1fd1c:	80 d0       	rcall	.+256    	; 0x1fe1e <verifySpace>
    switch (memtype) {
   1fd1e:	f5 e4       	ldi	r31, 0x45	; 69
   1fd20:	8f 12       	cpse	r8, r31
   1fd22:	11 c0       	rjmp	.+34     	; 0x1fd46 <main+0x146>
   1fd24:	f1 2c       	mov	r15, r1
   1fd26:	e1 2c       	mov	r14, r1
   1fd28:	08 c0       	rjmp	.+16     	; 0x1fd3a <main+0x13a>
	    eeprom_write_byte((address.bptr++), *(mybuff.bptr++));
   1fd2a:	60 81       	ld	r22, Z
   1fd2c:	c8 01       	movw	r24, r16
   1fd2e:	8e 0d       	add	r24, r14
   1fd30:	9f 1d       	adc	r25, r15
   1fd32:	92 d0       	rcall	.+292    	; 0x1fe58 <eeprom_write_byte>
   1fd34:	8f ef       	ldi	r24, 0xFF	; 255
   1fd36:	e8 1a       	sub	r14, r24
   1fd38:	f8 0a       	sbc	r15, r24
   1fd3a:	f7 01       	movw	r30, r14
   1fd3c:	f3 95       	inc	r31
   1fd3e:	ce 15       	cp	r28, r14
        while(len--) {
   1fd40:	df 05       	cpc	r29, r15
   1fd42:	99 f7       	brne	.-26     	; 0x1fd2a <main+0x12a>
   1fd44:	a4 cf       	rjmp	.-184    	; 0x1fc8e <main+0x8e>
   1fd46:	f8 01       	movw	r30, r16
	    __boot_page_erase_short(address.word);
   1fd48:	d7 be       	out	0x37, r13	; 55
   1fd4a:	e8 95       	spm
   1fd4c:	07 b6       	in	r0, 0x37	; 55
	    boot_spm_busy_wait();
   1fd4e:	00 fc       	sbrc	r0, 0
   1fd50:	fd cf       	rjmp	.-6      	; 0x1fd4c <main+0x14c>
   1fd52:	90 e0       	ldi	r25, 0x00	; 0
   1fd54:	80 e0       	ldi	r24, 0x00	; 0
   1fd56:	f8 01       	movw	r30, r16
		__boot_page_fill_short((uint16_t)(void*)addrPtr, *(mybuff.wptr++));
   1fd58:	e8 0f       	add	r30, r24
   1fd5a:	f9 1f       	adc	r31, r25
   1fd5c:	dc 01       	movw	r26, r24
   1fd5e:	b3 95       	inc	r27
   1fd60:	2d 91       	ld	r18, X+
   1fd62:	3c 91       	ld	r19, X
   1fd64:	09 01       	movw	r0, r18
   1fd66:	c7 be       	out	0x37, r12	; 55
   1fd68:	e8 95       	spm
   1fd6a:	11 24       	eor	r1, r1
	    } while (len -= 2);
   1fd6c:	02 96       	adiw	r24, 0x02	; 2
   1fd6e:	c8 17       	cp	r28, r24
	    __boot_page_write_short(address.word);
   1fd70:	d9 07       	cpc	r29, r25
   1fd72:	89 f7       	brne	.-30     	; 0x1fd56 <main+0x156>
   1fd74:	85 e0       	ldi	r24, 0x05	; 5
	    boot_spm_busy_wait();
   1fd76:	f8 01       	movw	r30, r16
   1fd78:	87 bf       	out	0x37, r24	; 55
   1fd7a:	e8 95       	spm
	    __boot_rww_enable_short();
   1fd7c:	07 b6       	in	r0, 0x37	; 55
    else if(ch == STK_READ_PAGE) {
   1fd7e:	00 fc       	sbrc	r0, 0
   1fd80:	fd cf       	rjmp	.-6      	; 0x1fd7c <main+0x17c>
      GETLENGTH(length);
   1fd82:	97 be       	out	0x37, r9	; 55
   1fd84:	e8 95       	spm
   1fd86:	83 cf       	rjmp	.-250    	; 0x1fc8e <main+0x8e>
   1fd88:	84 37       	cpi	r24, 0x74	; 116
   1fd8a:	09 f5       	brne	.+66     	; 0x1fdce <main+0x1ce>
   1fd8c:	36 d0       	rcall	.+108    	; 0x1fdfa <getch>
   1fd8e:	c8 2f       	mov	r28, r24
   1fd90:	d0 e0       	ldi	r29, 0x00	; 0
      desttype = getch();
   1fd92:	dc 2f       	mov	r29, r28
   1fd94:	cc 27       	eor	r28, r28
   1fd96:	31 d0       	rcall	.+98     	; 0x1fdfa <getch>
      verifySpace();
   1fd98:	c8 2b       	or	r28, r24
   1fd9a:	2f d0       	rcall	.+94     	; 0x1fdfa <getch>

static inline void read_mem(uint8_t memtype, addr16_t address, pagelen_t length)
{
    uint8_t ch;

    switch (memtype) {
   1fd9c:	b8 2e       	mov	r11, r24
   1fd9e:	3f d0       	rcall	.+126    	; 0x1fe1e <verifySpace>
   1fda0:	78 01       	movw	r14, r16

#if defined(SUPPORT_EEPROM) || defined(BIGBOOT)
    case 'E': // EEPROM
	do {
	    putch(eeprom_read_byte((address.bptr++)));
   1fda2:	f5 e4       	ldi	r31, 0x45	; 69
   1fda4:	bf 12       	cpse	r11, r31
   1fda6:	0c c0       	rjmp	.+24     	; 0x1fdc0 <main+0x1c0>
   1fda8:	c0 0f       	add	r28, r16
   1fdaa:	d1 1f       	adc	r29, r17
   1fdac:	c7 01       	movw	r24, r14
   1fdae:	4c d0       	rcall	.+152    	; 0x1fe48 <eeprom_read_byte>
	} while (--length);
   1fdb0:	1d d0       	rcall	.+58     	; 0x1fdec <putch>
   1fdb2:	8f ef       	ldi	r24, 0xFF	; 255
   1fdb4:	e8 1a       	sub	r14, r24
   1fdb6:	f8 0a       	sbc	r15, r24
	    // Since RAMPZ should already be set, we need to use EPLM directly.
	    // Also, we can use the autoincrement version of lpm to update "address"
	    //      do putch(pgm_read_byte_near(address++));
	    //      while (--length);
	    // read a Flash and increment the address (may increment RAMPZ)
	    __asm__ ("elpm %0,Z+\n" : "=r" (ch), "=z" (address.bptr): "1" (address));
   1fdb8:	ec 16       	cp	r14, r28
   1fdba:	fd 06       	cpc	r15, r29
   1fdbc:	b9 f7       	brne	.-18     	; 0x1fdac <main+0x1ac>
#else
	    // read a Flash byte and increment the address
	    __asm__ ("lpm %0,Z+\n" : "=r" (ch), "=z" (address.bptr): "1" (address));
#endif
	    putch(ch);
   1fdbe:	67 cf       	rjmp	.-306    	; 0x1fc8e <main+0x8e>
   1fdc0:	f7 01       	movw	r30, r14
	} while (--length);
   1fdc2:	87 91       	elpm	r24, Z+
   1fdc4:	7f 01       	movw	r14, r30
   1fdc6:	12 d0       	rcall	.+36     	; 0x1fdec <putch>
    else if(ch == STK_READ_SIGN) {
   1fdc8:	21 97       	sbiw	r28, 0x01	; 1
   1fdca:	d1 f7       	brne	.-12     	; 0x1fdc0 <main+0x1c0>
      verifySpace();
   1fdcc:	60 cf       	rjmp	.-320    	; 0x1fc8e <main+0x8e>
   1fdce:	85 37       	cpi	r24, 0x75	; 117
      putch(SIGNATURE_0);
   1fdd0:	39 f4       	brne	.+14     	; 0x1fde0 <main+0x1e0>
   1fdd2:	25 d0       	rcall	.+74     	; 0x1fe1e <verifySpace>
   1fdd4:	8e e1       	ldi	r24, 0x1E	; 30
      putch(SIGNATURE_1);
   1fdd6:	0a d0       	rcall	.+20     	; 0x1fdec <putch>
   1fdd8:	87 e9       	ldi	r24, 0x97	; 151
   1fdda:	08 d0       	rcall	.+16     	; 0x1fdec <putch>
      putch(SIGNATURE_2);
   1fddc:	85 e0       	ldi	r24, 0x05	; 5
   1fdde:	56 cf       	rjmp	.-340    	; 0x1fc8c <main+0x8c>
    else if (ch == STK_LEAVE_PROGMODE) { /* 'Q' */
   1fde0:	81 35       	cpi	r24, 0x51	; 81
   1fde2:	09 f0       	breq	.+2      	; 0x1fde6 <main+0x1e6>
   1fde4:	6d cf       	rjmp	.-294    	; 0x1fcc0 <main+0xc0>
      watchdogConfig(WATCHDOG_16MS);
   1fde6:	88 e0       	ldi	r24, 0x08	; 8
   1fde8:	14 d0       	rcall	.+40     	; 0x1fe12 <watchdogConfig>
   1fdea:	6a cf       	rjmp	.-300    	; 0x1fcc0 <main+0xc0>

0001fdec <putch>:
      verifySpace();
   1fdec:	90 91 c0 00 	lds	r25, 0x00C0	; 0x8000c0 <__TEXT_REGION_LENGTH__+0x7e00c0>
  while (!(UART_SRA & _BV(UDRE0)));
   1fdf0:	95 ff       	sbrs	r25, 5
   1fdf2:	fc cf       	rjmp	.-8      	; 0x1fdec <putch>
  UART_UDR = ch;
   1fdf4:	80 93 c6 00 	sts	0x00C6, r24	; 0x8000c6 <__TEXT_REGION_LENGTH__+0x7e00c6>
}
   1fdf8:	08 95       	ret

0001fdfa <getch>:
  while(!(UART_SRA & _BV(RXC0)))
   1fdfa:	80 91 c0 00 	lds	r24, 0x00C0	; 0x8000c0 <__TEXT_REGION_LENGTH__+0x7e00c0>
   1fdfe:	87 ff       	sbrs	r24, 7
   1fe00:	fc cf       	rjmp	.-8      	; 0x1fdfa <getch>
  if (!(UART_SRA & _BV(FE0))) {
   1fe02:	80 91 c0 00 	lds	r24, 0x00C0	; 0x8000c0 <__TEXT_REGION_LENGTH__+0x7e00c0>
   1fe06:	84 fd       	sbrc	r24, 4
   1fe08:	01 c0       	rjmp	.+2      	; 0x1fe0c <getch+0x12>
  __asm__ __volatile__ (
   1fe0a:	a8 95       	wdr
  ch = UART_UDR;
   1fe0c:	80 91 c6 00 	lds	r24, 0x00C6	; 0x8000c6 <__TEXT_REGION_LENGTH__+0x7e00c6>
}
   1fe10:	08 95       	ret

0001fe12 <watchdogConfig>:
  WDTCSR = _BV(WDCE) | _BV(WDE);
   1fe12:	e0 e6       	ldi	r30, 0x60	; 96
   1fe14:	f0 e0       	ldi	r31, 0x00	; 0
   1fe16:	98 e1       	ldi	r25, 0x18	; 24
   1fe18:	90 83       	st	Z, r25
  WDTCSR = x;
   1fe1a:	80 83       	st	Z, r24
}
   1fe1c:	08 95       	ret

0001fe1e <verifySpace>:
  if (getch() != CRC_EOP) {
   1fe1e:	ed df       	rcall	.-38     	; 0x1fdfa <getch>
   1fe20:	80 32       	cpi	r24, 0x20	; 32
   1fe22:	19 f0       	breq	.+6      	; 0x1fe2a <verifySpace+0xc>
    watchdogConfig(WATCHDOG_16MS);    // shorten WD timeout
   1fe24:	88 e0       	ldi	r24, 0x08	; 8
   1fe26:	f5 df       	rcall	.-22     	; 0x1fe12 <watchdogConfig>
  putch(STK_INSYNC);
   1fe28:	ff cf       	rjmp	.-2      	; 0x1fe28 <verifySpace+0xa>
   1fe2a:	84 e1       	ldi	r24, 0x14	; 20
void getNch(uint8_t count) {
   1fe2c:	df cf       	rjmp	.-66     	; 0x1fdec <putch>

0001fe2e <getNch>:
   1fe2e:	cf 93       	push	r28
  do getch(); while (--count);
   1fe30:	c8 2f       	mov	r28, r24
   1fe32:	e3 df       	rcall	.-58     	; 0x1fdfa <getch>
   1fe34:	c1 50       	subi	r28, 0x01	; 1
  verifySpace();
   1fe36:	e9 f7       	brne	.-6      	; 0x1fe32 <getNch+0x4>
   1fe38:	cf 91       	pop	r28
  __asm__ __volatile__ ("mov r2, %0\n" :: "r" (rstFlags));
   1fe3a:	f1 cf       	rjmp	.-30     	; 0x1fe1e <verifySpace>

0001fe3c <appStart>:
  watchdogConfig(WATCHDOG_OFF);
   1fe3c:	28 2e       	mov	r2, r24
   1fe3e:	80 e0       	ldi	r24, 0x00	; 0
   1fe40:	e8 df       	rcall	.-48     	; 0x1fe12 <watchdogConfig>
  __asm__ __volatile__ (
   1fe42:	e0 e0       	ldi	r30, 0x00	; 0
   1fe44:	ff 27       	eor	r31, r31
   1fe46:	09 94       	ijmp

0001fe48 <eeprom_read_byte>:
   1fe48:	f9 99       	sbic	0x1f, 1	; 31
   1fe4a:	fe cf       	rjmp	.-4      	; 0x1fe48 <eeprom_read_byte>
   1fe4c:	92 bd       	out	0x22, r25	; 34
   1fe4e:	81 bd       	out	0x21, r24	; 33
   1fe50:	f8 9a       	sbi	0x1f, 0	; 31
   1fe52:	99 27       	eor	r25, r25
   1fe54:	80 b5       	in	r24, 0x20	; 32
   1fe56:	08 95       	ret

0001fe58 <eeprom_write_byte>:
   1fe58:	26 2f       	mov	r18, r22

0001fe5a <eeprom_write_r18>:
   1fe5a:	f9 99       	sbic	0x1f, 1	; 31
   1fe5c:	fe cf       	rjmp	.-4      	; 0x1fe5a <eeprom_write_r18>
   1fe5e:	1f ba       	out	0x1f, r1	; 31
   1fe60:	92 bd       	out	0x22, r25	; 34
   1fe62:	81 bd       	out	0x21, r24	; 33
   1fe64:	20 bd       	out	0x20, r18	; 32
   1fe66:	0f b6       	in	r0, 0x3f	; 63
   1fe68:	f8 94       	cli
   1fe6a:	fa 9a       	sbi	0x1f, 2	; 31
   1fe6c:	f9 9a       	sbi	0x1f, 1	; 31
   1fe6e:	0f be       	out	0x3f, r0	; 63
   1fe70:	01 96       	adiw	r24, 0x01	; 1
   1fe72:	08 95       	ret
