
optiboot_atmega88.elf:     file format elf32-avr

Sections:
Idx Name          Size      VMA       LMA       File off  Algn
  0 .data         00000000  00800100  00800100  00000238  2**0
                  CONTENTS, ALLOC, LOAD, DATA
  1 .text         000001c2  00001e00  00001e00  00000074  2**1
                  CONTENTS, ALLOC, LOAD, READONLY, CODE
  2 .version      00000002  00001ffe  00001ffe  00000236  2**0
                  CONTENTS, ALLOC, LOAD, READONLY, DATA
  3 .comment      00000011  00000000  00000000  00000238  2**0
                  CONTENTS, READONLY
  4 .debug_aranges 00000028  00000000  00000000  00000249  2**0
                  CONTENTS, READONLY, DEBUGGING
  5 .debug_info   00000621  00000000  00000000  00000271  2**0
                  CONTENTS, READONLY, DEBUGGING
  6 .debug_abbrev 000002bd  00000000  00000000  00000892  2**0
                  CONTENTS, READONLY, DEBUGGING
  7 .debug_line   000007d6  00000000  00000000  00000b4f  2**0
                  CONTENTS, READONLY, DEBUGGING
  8 .debug_frame  0000008c  00000000  00000000  00001328  2**2
                  CONTENTS, READONLY, DEBUGGING
  9 .debug_str    000001dc  00000000  00000000  000013b4  2**0
                  CONTENTS, READONLY, DEBUGGING
 10 .debug_loc    0000035a  00000000  00000000  00001590  2**0
                  CONTENTS, READONLY, DEBUGGING
 11 .debug_ranges 00000090  00000000  00000000  000018ea  2**0
                  CONTENTS, READONLY, DEBUGGING

Disassembly of section .text:

00001e00 <main>:
  //  SP points to RAMEND
  //  r1 contains zero
  //
  // If not, uncomment the following instructions:
  // cli();
  asm volatile ("clr __zero_reg__");
    1e00:	11 24       	eor	r1, r1
   * 
   * Code by MarkG55
   * see discusion in https://github.com/Optiboot/optiboot/issues/97
   */
#if !defined(__AVR_ATmega16__)
  ch = MCUSR;
    1e02:	84 b7       	in	r24, 0x34	; 52
#else
  ch = MCUCSR;
#endif
  // Skip all logic and run bootloader if MCUSR is cleared (application request)
  if (ch != 0) {
    1e04:	88 23       	and	r24, r24
    1e06:	49 f0       	breq	.+18     	; 0x1e1a <main+0x1a>
       *  2. we clear WDRF if it's set with EXTRF to avoid loops
       * One problematic scenario: broken application code sets watchdog timer 
       * without clearing MCUSR before and triggers it quickly. But it's
       * recoverable by power-on with pushed reset button.
       */
      if ((ch & (_BV(WDRF) | _BV(EXTRF))) != _BV(EXTRF)) { 
    1e08:	98 2f       	mov	r25, r24
    1e0a:	9a 70       	andi	r25, 0x0A	; 10
    1e0c:	92 30       	cpi	r25, 0x02	; 2
    1e0e:	29 f0       	breq	.+10     	; 0x1e1a <main+0x1a>
	  if (ch & _BV(EXTRF)) {
    1e10:	81 ff       	sbrs	r24, 1
    1e12:	02 c0       	rjmp	.+4      	; 0x1e18 <main+0x18>
	       * prevent entering bootloader.
	       * '&' operation is skipped to spare few bytes as bits in MCUSR
	       * can only be cleared.
	       */
#if !defined(__AVR_ATmega16__)
	      MCUSR = ~(_BV(WDRF));  
    1e14:	97 ef       	ldi	r25, 0xF7	; 247
    1e16:	94 bf       	out	0x34, r25	; 52
#else
	      MCUCSR = ~(_BV(WDRF));  
#endif
	  }
	  appStart(ch);
    1e18:	ce d0       	rcall	.+412    	; 0x1fb6 <appStart>
      }
  }

#if LED_START_FLASHES > 0
  // Set up Timer 1 for timeout counter
  TCCR1B = _BV(CS12) | _BV(CS10); // div 1024
    1e1a:	85 e0       	ldi	r24, 0x05	; 5
    1e1c:	80 93 81 00 	sts	0x0081, r24	; 0x800081 <__EEPROM_REGION_LENGTH__+0x7f0081>
  UCSRA = _BV(U2X); //Double speed mode USART
  UCSRB = _BV(RXEN) | _BV(TXEN);  // enable Rx & Tx
  UCSRC = _BV(URSEL) | _BV(UCSZ1) | _BV(UCSZ0);  // config USART; 8N1
  UBRRL = (uint8_t)( (F_CPU + BAUD_RATE * 4L) / (BAUD_RATE * 8L) - 1 );
#else
  UART_SRA = _BV(U2X0); //Double speed mode USART0
    1e20:	82 e0       	ldi	r24, 0x02	; 2
    1e22:	80 93 c0 00 	sts	0x00C0, r24	; 0x8000c0 <__EEPROM_REGION_LENGTH__+0x7f00c0>
  UART_SRB = _BV(RXEN0) | _BV(TXEN0);
    1e26:	88 e1       	ldi	r24, 0x18	; 24
    1e28:	80 93 c1 00 	sts	0x00C1, r24	; 0x8000c1 <__EEPROM_REGION_LENGTH__+0x7f00c1>
  UART_SRC = _BV(UCSZ00) | _BV(UCSZ01);
    1e2c:	86 e0       	ldi	r24, 0x06	; 6
    1e2e:	80 93 c2 00 	sts	0x00C2, r24	; 0x8000c2 <__EEPROM_REGION_LENGTH__+0x7f00c2>
  UART_SRL = (uint8_t)( (F_CPU + BAUD_RATE * 4L) / (BAUD_RATE * 8L) - 1 );
    1e32:	80 e1       	ldi	r24, 0x10	; 16
    1e34:	80 93 c4 00 	sts	0x00C4, r24	; 0x8000c4 <__EEPROM_REGION_LENGTH__+0x7f00c4>
#endif
#endif

  // Set up watchdog to trigger after 1s
  watchdogConfig(WATCHDOG_1S);
    1e38:	8e e0       	ldi	r24, 0x0E	; 14
    1e3a:	a8 d0       	rcall	.+336    	; 0x1f8c <watchdogConfig>

#if (LED_START_FLASHES > 0) || defined(LED_DATA_FLASH) || defined(LED_START_ON)
  /* Set LED pin as output */
  LED_DDR |= _BV(LED);
    1e3c:	25 9a       	sbi	0x04, 5	; 4
    1e3e:	86 e0       	ldi	r24, 0x06	; 6
}

#if LED_START_FLASHES > 0
void flash_led(uint8_t count) {
  do {
    TCNT1 = -(F_CPU/(1024*16));
    1e40:	20 e3       	ldi	r18, 0x30	; 48
    1e42:	3c ef       	ldi	r19, 0xFC	; 252
    TIFR1 = _BV(TOV1);
    1e44:	91 e0       	ldi	r25, 0x01	; 1
    TCNT1 = -(F_CPU/(1024*16));
    1e46:	30 93 85 00 	sts	0x0085, r19	; 0x800085 <__EEPROM_REGION_LENGTH__+0x7f0085>
    1e4a:	20 93 84 00 	sts	0x0084, r18	; 0x800084 <__EEPROM_REGION_LENGTH__+0x7f0084>
    TIFR1 = _BV(TOV1);
    1e4e:	96 bb       	out	0x16, r25	; 22
    while(!(TIFR1 & _BV(TOV1)));
    1e50:	b0 9b       	sbis	0x16, 0	; 22
    1e52:	fe cf       	rjmp	.-4      	; 0x1e50 <main+0x50>
#if defined(__AVR_ATmega8__) || defined (__AVR_ATmega32__) || defined (__AVR_ATmega16__)
    LED_PORT ^= _BV(LED);
#else
    LED_PIN |= _BV(LED);
    1e54:	1d 9a       	sbi	0x03, 5	; 3
}
#endif

// Watchdog functions. These are only safe with interrupts turned off.
void watchdogReset() {
  __asm__ __volatile__ (
    1e56:	a8 95       	wdr
    if (UART_SRA & _BV(RXC0))
    1e58:	40 91 c0 00 	lds	r20, 0x00C0	; 0x8000c0 <__EEPROM_REGION_LENGTH__+0x7f00c0>
    1e5c:	47 fd       	sbrc	r20, 7
    1e5e:	02 c0       	rjmp	.+4      	; 0x1e64 <main+0x64>
    1e60:	81 50       	subi	r24, 0x01	; 1
  } while (--count);
    1e62:	89 f7       	brne	.-30     	; 0x1e46 <main+0x46>
	     * Start the page erase and wait for it to finish.  There
	     * used to be code to do this while receiving the data over
	     * the serial link, but the performance improvement was slight,
	     * and we needed the space back.
	     */
	    __boot_page_erase_short(address.word);
    1e64:	93 e0       	ldi	r25, 0x03	; 3
    1e66:	f9 2e       	mov	r15, r25

	    /*
	     * Copy data from the buffer into the flash write buffer.
	     */
	    do {
		__boot_page_fill_short((uint16_t)(void*)addrPtr, *(mybuff.wptr++));
    1e68:	ee 24       	eor	r14, r14
    1e6a:	e3 94       	inc	r14
	    } while (len -= 2);

	    /*
	     * Actually Write the buffer to flash (and wait for it to finish.)
	     */
	    __boot_page_write_short(address.word);
    1e6c:	25 e0       	ldi	r18, 0x05	; 5
    1e6e:	d2 2e       	mov	r13, r18
	    boot_spm_busy_wait();
#if defined(RWWSRE)
	    // Reenable read access to flash
	    __boot_rww_enable_short();
    1e70:	31 e1       	ldi	r19, 0x11	; 17
    1e72:	c3 2e       	mov	r12, r19
    ch = getch();
    1e74:	7f d0       	rcall	.+254    	; 0x1f74 <getch>
    if(ch == STK_GET_PARAMETER) {
    1e76:	81 34       	cpi	r24, 0x41	; 65
    1e78:	79 f4       	brne	.+30     	; 0x1e98 <main+0x98>
      unsigned char which = getch();
    1e7a:	7c d0       	rcall	.+248    	; 0x1f74 <getch>
    1e7c:	18 2f       	mov	r17, r24
      verifySpace();
    1e7e:	8c d0       	rcall	.+280    	; 0x1f98 <verifySpace>
      if (which == STK_SW_MINOR) {
    1e80:	12 38       	cpi	r17, 0x82	; 130
    1e82:	11 f4       	brne	.+4      	; 0x1e88 <main+0x88>
      putch(0x00);
    1e84:	80 e0       	ldi	r24, 0x00	; 0
    1e86:	04 c0       	rjmp	.+8      	; 0x1e90 <main+0x90>
	  putch(optiboot_version >> 8);
    1e88:	87 e0       	ldi	r24, 0x07	; 7
      } else if (which == STK_SW_MAJOR) {
    1e8a:	11 38       	cpi	r17, 0x81	; 129
    1e8c:	09 f0       	breq	.+2      	; 0x1e90 <main+0x90>
	putch(0x03);
    1e8e:	83 e0       	ldi	r24, 0x03	; 3
    1e90:	6a d0       	rcall	.+212    	; 0x1f66 <putch>
    putch(STK_OK);
    1e92:	80 e1       	ldi	r24, 0x10	; 16
    1e94:	68 d0       	rcall	.+208    	; 0x1f66 <putch>
    ch = getch();
    1e96:	ee cf       	rjmp	.-36     	; 0x1e74 <main+0x74>
    else if(ch == STK_SET_DEVICE) {
    1e98:	82 34       	cpi	r24, 0x42	; 66
    1e9a:	19 f4       	brne	.+6      	; 0x1ea2 <main+0xa2>
      getNch(20);
    1e9c:	84 e1       	ldi	r24, 0x14	; 20
      getNch(5);
    1e9e:	84 d0       	rcall	.+264    	; 0x1fa8 <getNch>
    1ea0:	f8 cf       	rjmp	.-16     	; 0x1e92 <main+0x92>
    else if(ch == STK_SET_DEVICE_EXT) {
    1ea2:	85 34       	cpi	r24, 0x45	; 69
    1ea4:	11 f4       	brne	.+4      	; 0x1eaa <main+0xaa>
      getNch(5);
    1ea6:	85 e0       	ldi	r24, 0x05	; 5
    1ea8:	fa cf       	rjmp	.-12     	; 0x1e9e <main+0x9e>
    else if(ch == STK_LOAD_ADDRESS) {
    1eaa:	85 35       	cpi	r24, 0x55	; 85
    1eac:	41 f4       	brne	.+16     	; 0x1ebe <main+0xbe>
      address.bytes[0] = getch();
    1eae:	62 d0       	rcall	.+196    	; 0x1f74 <getch>
    1eb0:	c8 2f       	mov	r28, r24
      address.bytes[1] = getch();
    1eb2:	60 d0       	rcall	.+192    	; 0x1f74 <getch>
    1eb4:	d8 2f       	mov	r29, r24
      address.word *= 2; // Convert from word address to byte address
    1eb6:	cc 0f       	add	r28, r28
    1eb8:	dd 1f       	adc	r29, r29
      verifySpace();
    1eba:	6e d0       	rcall	.+220    	; 0x1f98 <verifySpace>
    1ebc:	ea cf       	rjmp	.-44     	; 0x1e92 <main+0x92>
    else if(ch == STK_UNIVERSAL) {
    1ebe:	86 35       	cpi	r24, 0x56	; 86
    1ec0:	19 f4       	brne	.+6      	; 0x1ec8 <main+0xc8>
      getNch(4);
    1ec2:	84 e0       	ldi	r24, 0x04	; 4
    1ec4:	71 d0       	rcall	.+226    	; 0x1fa8 <getNch>
    1ec6:	de cf       	rjmp	.-68     	; 0x1e84 <main+0x84>
    else if(ch == STK_PROG_PAGE) {
    1ec8:	84 36       	cpi	r24, 0x64	; 100
    1eca:	09 f0       	breq	.+2      	; 0x1ece <main+0xce>
    1ecc:	2d c0       	rjmp	.+90     	; 0x1f28 <main+0x128>
      GETLENGTH(length);
    1ece:	52 d0       	rcall	.+164    	; 0x1f74 <getch>
    1ed0:	51 d0       	rcall	.+162    	; 0x1f74 <getch>
    1ed2:	b8 2e       	mov	r11, r24
      desttype = getch();
    1ed4:	4f d0       	rcall	.+158    	; 0x1f74 <getch>
    1ed6:	a8 2e       	mov	r10, r24
      bufPtr = buff.bptr;
    1ed8:	00 e0       	ldi	r16, 0x00	; 0
    1eda:	11 e0       	ldi	r17, 0x01	; 1
      do *bufPtr++ = getch();
    1edc:	4b d0       	rcall	.+150    	; 0x1f74 <getch>
    1ede:	f8 01       	movw	r30, r16
    1ee0:	81 93       	st	Z+, r24
    1ee2:	8f 01       	movw	r16, r30
      while (--length);
    1ee4:	be 12       	cpse	r11, r30
    1ee6:	fa cf       	rjmp	.-12     	; 0x1edc <main+0xdc>
      verifySpace();
    1ee8:	57 d0       	rcall	.+174    	; 0x1f98 <verifySpace>
    switch (memtype) {
    1eea:	f5 e4       	ldi	r31, 0x45	; 69
    1eec:	af 12       	cpse	r10, r31
    1eee:	01 c0       	rjmp	.+2      	; 0x1ef2 <main+0xf2>
	    ; // Error: wait for WDT
    1ef0:	ff cf       	rjmp	.-2      	; 0x1ef0 <main+0xf0>
	    __boot_page_erase_short(address.word);
    1ef2:	fe 01       	movw	r30, r28
    1ef4:	f7 be       	out	0x37, r15	; 55
    1ef6:	e8 95       	spm
	    boot_spm_busy_wait();
    1ef8:	07 b6       	in	r0, 0x37	; 55
    1efa:	00 fc       	sbrc	r0, 0
    1efc:	fd cf       	rjmp	.-6      	; 0x1ef8 <main+0xf8>
	    uint16_t addrPtr = address.word;
    1efe:	fe 01       	movw	r30, r28
	    boot_spm_busy_wait();
    1f00:	a0 e0       	ldi	r26, 0x00	; 0
    1f02:	b1 e0       	ldi	r27, 0x01	; 1
		__boot_page_fill_short((uint16_t)(void*)addrPtr, *(mybuff.wptr++));
    1f04:	8d 91       	ld	r24, X+
    1f06:	9d 91       	ld	r25, X+
    1f08:	0c 01       	movw	r0, r24
    1f0a:	e7 be       	out	0x37, r14	; 55
    1f0c:	e8 95       	spm
    1f0e:	11 24       	eor	r1, r1
		addrPtr += 2;
    1f10:	32 96       	adiw	r30, 0x02	; 2
	    } while (len -= 2);
    1f12:	ba 12       	cpse	r11, r26
    1f14:	f7 cf       	rjmp	.-18     	; 0x1f04 <main+0x104>
	    __boot_page_write_short(address.word);
    1f16:	fe 01       	movw	r30, r28
    1f18:	d7 be       	out	0x37, r13	; 55
    1f1a:	e8 95       	spm
	    boot_spm_busy_wait();
    1f1c:	07 b6       	in	r0, 0x37	; 55
    1f1e:	00 fc       	sbrc	r0, 0
    1f20:	fd cf       	rjmp	.-6      	; 0x1f1c <main+0x11c>
	    __boot_rww_enable_short();
    1f22:	c7 be       	out	0x37, r12	; 55
    1f24:	e8 95       	spm
#endif
	} // default block
	break;
    1f26:	b5 cf       	rjmp	.-150    	; 0x1e92 <main+0x92>
    else if(ch == STK_READ_PAGE) {
    1f28:	84 37       	cpi	r24, 0x74	; 116
    1f2a:	71 f4       	brne	.+28     	; 0x1f48 <main+0x148>
      GETLENGTH(length);
    1f2c:	23 d0       	rcall	.+70     	; 0x1f74 <getch>
    1f2e:	22 d0       	rcall	.+68     	; 0x1f74 <getch>
    1f30:	b8 2e       	mov	r11, r24
      desttype = getch();
    1f32:	20 d0       	rcall	.+64     	; 0x1f74 <getch>
      verifySpace();
    1f34:	31 d0       	rcall	.+98     	; 0x1f98 <verifySpace>
      read_mem(desttype, address, length);
    1f36:	8e 01       	movw	r16, r28
	    //      while (--length);
	    // read a Flash and increment the address (may increment RAMPZ)
	    __asm__ ("elpm %0,Z+\n" : "=r" (ch), "=z" (address.bptr): "1" (address));
#else
	    // read a Flash byte and increment the address
	    __asm__ ("lpm %0,Z+\n" : "=r" (ch), "=z" (address.bptr): "1" (address));
    1f38:	f8 01       	movw	r30, r16
    1f3a:	85 91       	lpm	r24, Z+
    1f3c:	8f 01       	movw	r16, r30
#endif
	    putch(ch);
    1f3e:	13 d0       	rcall	.+38     	; 0x1f66 <putch>
	} while (--length);
    1f40:	ba 94       	dec	r11
    1f42:	b1 10       	cpse	r11, r1
    1f44:	f9 cf       	rjmp	.-14     	; 0x1f38 <main+0x138>
    1f46:	a5 cf       	rjmp	.-182    	; 0x1e92 <main+0x92>
    else if(ch == STK_READ_SIGN) {
    1f48:	85 37       	cpi	r24, 0x75	; 117
    1f4a:	39 f4       	brne	.+14     	; 0x1f5a <main+0x15a>
      verifySpace();
    1f4c:	25 d0       	rcall	.+74     	; 0x1f98 <verifySpace>
      putch(SIGNATURE_0);
    1f4e:	8e e1       	ldi	r24, 0x1E	; 30
    1f50:	0a d0       	rcall	.+20     	; 0x1f66 <putch>
      putch(SIGNATURE_1);
    1f52:	83 e9       	ldi	r24, 0x93	; 147
    1f54:	08 d0       	rcall	.+16     	; 0x1f66 <putch>
      putch(SIGNATURE_2);
    1f56:	8a e0       	ldi	r24, 0x0A	; 10
    1f58:	9b cf       	rjmp	.-202    	; 0x1e90 <main+0x90>
    else if (ch == STK_LEAVE_PROGMODE) { /* 'Q' */
    1f5a:	81 35       	cpi	r24, 0x51	; 81
    1f5c:	09 f0       	breq	.+2      	; 0x1f60 <main+0x160>
    1f5e:	ad cf       	rjmp	.-166    	; 0x1eba <main+0xba>
      watchdogConfig(WATCHDOG_16MS);
    1f60:	88 e0       	ldi	r24, 0x08	; 8
    1f62:	14 d0       	rcall	.+40     	; 0x1f8c <watchdogConfig>
      verifySpace();
    1f64:	aa cf       	rjmp	.-172    	; 0x1eba <main+0xba>

00001f66 <putch>:
  while (!(UART_SRA & _BV(UDRE0)));
    1f66:	90 91 c0 00 	lds	r25, 0x00C0	; 0x8000c0 <__EEPROM_REGION_LENGTH__+0x7f00c0>
    1f6a:	95 ff       	sbrs	r25, 5
    1f6c:	fc cf       	rjmp	.-8      	; 0x1f66 <putch>
  UART_UDR = ch;
    1f6e:	80 93 c6 00 	sts	0x00C6, r24	; 0x8000c6 <__EEPROM_REGION_LENGTH__+0x7f00c6>
}
    1f72:	08 95       	ret

00001f74 <getch>:
  while(!(UART_SRA & _BV(RXC0)))
    1f74:	80 91 c0 00 	lds	r24, 0x00C0	; 0x8000c0 <__EEPROM_REGION_LENGTH__+0x7f00c0>
    1f78:	87 ff       	sbrs	r24, 7
    1f7a:	fc cf       	rjmp	.-8      	; 0x1f74 <getch>
  if (!(UART_SRA & _BV(FE0))) {
    1f7c:	80 91 c0 00 	lds	r24, 0x00C0	; 0x8000c0 <__EEPROM_REGION_LENGTH__+0x7f00c0>
    1f80:	84 fd       	sbrc	r24, 4
    1f82:	01 c0       	rjmp	.+2      	; 0x1f86 <getch+0x12>
  __asm__ __volatile__ (
    1f84:	a8 95       	wdr
  ch = UART_UDR;
    1f86:	80 91 c6 00 	lds	r24, 0x00C6	; 0x8000c6 <__EEPROM_REGION_LENGTH__+0x7f00c6>
}
    1f8a:	08 95       	ret

00001f8c <watchdogConfig>:
  WDTCSR = _BV(WDCE) | _BV(WDE);
    1f8c:	e0 e6       	ldi	r30, 0x60	; 96
    1f8e:	f0 e0       	ldi	r31, 0x00	; 0
    1f90:	98 e1       	ldi	r25, 0x18	; 24
    1f92:	90 83       	st	Z, r25
  WDTCSR = x;
    1f94:	80 83       	st	Z, r24
}
    1f96:	08 95       	ret

00001f98 <verifySpace>:
  if (getch() != CRC_EOP) {
    1f98:	ed df       	rcall	.-38     	; 0x1f74 <getch>
    1f9a:	80 32       	cpi	r24, 0x20	; 32
    1f9c:	19 f0       	breq	.+6      	; 0x1fa4 <verifySpace+0xc>
    watchdogConfig(WATCHDOG_16MS);    // shorten WD timeout
    1f9e:	88 e0       	ldi	r24, 0x08	; 8
    1fa0:	f5 df       	rcall	.-22     	; 0x1f8c <watchdogConfig>
      ;				      //  a reset and app start.
    1fa2:	ff cf       	rjmp	.-2      	; 0x1fa2 <verifySpace+0xa>
  putch(STK_INSYNC);
    1fa4:	84 e1       	ldi	r24, 0x14	; 20
    1fa6:	df cf       	rjmp	.-66     	; 0x1f66 <putch>

00001fa8 <getNch>:
void getNch(uint8_t count) {
    1fa8:	cf 93       	push	r28
    1faa:	c8 2f       	mov	r28, r24
  do getch(); while (--count);
    1fac:	e3 df       	rcall	.-58     	; 0x1f74 <getch>
    1fae:	c1 50       	subi	r28, 0x01	; 1
    1fb0:	e9 f7       	brne	.-6      	; 0x1fac <getNch+0x4>
}
    1fb2:	cf 91       	pop	r28
  verifySpace();
    1fb4:	f1 cf       	rjmp	.-30     	; 0x1f98 <verifySpace>

00001fb6 <appStart>:
  __asm__ __volatile__ ("mov r2, %0\n" :: "r" (rstFlags));
    1fb6:	28 2e       	mov	r2, r24
  watchdogConfig(WATCHDOG_OFF);
    1fb8:	80 e0       	ldi	r24, 0x00	; 0
    1fba:	e8 df       	rcall	.-48     	; 0x1f8c <watchdogConfig>
  __asm__ __volatile__ (
    1fbc:	e0 e0       	ldi	r30, 0x00	; 0
    1fbe:	ff 27       	eor	r31, r31
    1fc0:	09 94       	ijmp
